[26488:25644:0816/113636.563:WARNING:chrome_main_delegate.cc(745)] This is Chrome version 128.0.6613.138 (not a warning)
[26488:8244:0816/113636.616:ERROR:google_update_settings.cc(265)] Failed opening key Software\Chromium to set usagestats; result: 5
[26488:25644:0816/113636.648:WARNING:account_consistency_mode_manager.cc(77)] Desktop Identity Consistency cannot be enabled as no OAuth client ID and client secret have been configured.
[10348:26164:0816/113643.382:WARNING:codec.cc(525)] Explicitly added H264 constrained baseline to list of supported formats.
[10348:20236:0816/113643.423:WARNING:codec.cc(525)] Explicitly added H264 constrained baseline to list of supported formats.
[10348:20236:0816/113643.424:WARNING:codec.cc(525)] Explicitly added H264 constrained baseline to list of supported formats.
[10348:20236:0816/113643.424:WARNING:codec.cc(525)] Explicitly added H264 constrained baseline to list of supported formats.
[11180:23832:0816/113643.479:WARNING:host_resolver_dns_task.cc(863)] Address list empty after RFC3484 sort
[11180:23832:0816/113643.480:WARNING:host_resolver_dns_task.cc(863)] Address list empty after RFC3484 sort
[11180:23832:0816/113643.480:WARNING:host_resolver_dns_task.cc(863)] Address list empty after RFC3484 sort
[11180:23832:0816/113643.489:ERROR:socket_manager.cc(147)] Failed to resolve address for stun.cloudflare.com., errorcode: -105
[11180:23832:0816/113643.489:ERROR:socket_manager.cc(147)] Failed to resolve address for stun.cloudflare.com., errorcode: -105
[11180:23832:0816/113643.489:ERROR:socket_manager.cc(147)] Failed to resolve address for stun.cloudflare.com., errorcode: -105
[10348:20236:0816/113643.489:WARNING:stun_port.cc(442)] Port[1078800:0:1:0:host:Net[any:0:0:0:x:x:x:x:x/0:Wildcard:id=0]]: StunPort: stun host lookup received error -1
[10348:20236:0816/113643.492:WARNING:stun_port.cc(442)] Port[1079000:1:1:0:host:Net[any:0:0:0:x:x:x:x:x/0:Wildcard:id=0]]: StunPort: stun host lookup received error -1
[10348:20236:0816/113643.492:WARNING:stun_port.cc(442)] Port[1079800:2:1:0:host:Net[any:0:0:0:x:x:x:x:x/0:Wildcard:id=0]]: StunPort: stun host lookup received error -1
[11180:23832:0816/113643.500:ERROR:socket_manager.cc(147)] Failed to resolve address for stun.l.google.com., errorcode: -105
[11180:23832:0816/113643.500:ERROR:socket_manager.cc(147)] Failed to resolve address for stun.l.google.com., errorcode: -105
[11180:23832:0816/113643.500:ERROR:socket_manager.cc(147)] Failed to resolve address for stun.l.google.com., errorcode: -105
[11180:23832:0816/113643.502:ERROR:socket_manager.cc(147)] Failed to resolve address for stun1.l.google.com., errorcode: -105
[11180:23832:0816/113643.502:ERROR:socket_manager.cc(147)] Failed to resolve address for stun1.l.google.com., errorcode: -105
[11180:23832:0816/113643.502:ERROR:socket_manager.cc(147)] Failed to resolve address for stun1.l.google.com., errorcode: -105
[10348:20236:0816/113643.502:WARNING:stun_port.cc(442)] Port[1078800:0:1:0:host:Net[any:0:0:0:x:x:x:x:x/0:Wildcard:id=0]]: StunPort: stun host lookup received error -1
[10348:20236:0816/113643.545:WARNING:stun_port.cc(442)] Port[1079000:1:1:0:host:Net[any:0:0:0:x:x:x:x:x/0:Wildcard:id=0]]: StunPort: stun host lookup received error -1
[10348:20236:0816/113643.545:WARNING:stun_port.cc(442)] Port[1079800:2:1:0:host:Net[any:0:0:0:x:x:x:x:x/0:Wildcard:id=0]]: StunPort: stun host lookup received error -1
[10348:20236:0816/113643.545:WARNING:stun_port.cc(442)] Port[1078800:0:1:0:host:Net[any:0:0:0:x:x:x:x:x/0:Wildcard:id=0]]: StunPort: stun host lookup received error -1
[10348:20236:0816/113643.545:WARNING:stun_port.cc(442)] Port[1079000:1:1:0:host:Net[any:0:0:0:x:x:x:x:x/0:Wildcard:id=0]]: StunPort: stun host lookup received error -1
[10348:20236:0816/113643.545:WARNING:stun_port.cc(442)] Port[1079800:2:1:0:host:Net[any:0:0:0:x:x:x:x:x/0:Wildcard:id=0]]: StunPort: stun host lookup received error -1
[26488:4512:0816/113643.769:WARNING:browser_info.cc(345)] Returning a speculative frame for [8,5]
[26488:25644:0816/113643.882:WARNING:browser_info.cc(345)] Returning a speculative frame for [10,5]
[26488:25644:0816/113643.882:WARNING:browser_info.cc(345)] Returning a speculative frame for [10,5]
[26488:25644:0816/113643.882:WARNING:browser_info.cc(345)] Returning a speculative frame for [10,5]
[26488:25644:0816/113643.882:WARNING:browser_info.cc(345)] Returning a speculative frame for [10,5]
[26488:4512:0816/113643.958:WARNING:browser_info.cc(345)] Returning a speculative frame for [10,5]
[11180:23832:0816/113644.276:ERROR:ssl_client_socket_impl.cc(882)] handshake failed; returned -1, SSL error code 1, net_error -107
[11180:23832:0816/113644.288:ERROR:ssl_client_socket_impl.cc(882)] handshake failed; returned -1, SSL error code 1, net_error -107
[18844:23300:0816/113648.264:WARNING:codec.cc(525)] Explicitly added H264 constrained baseline to list of supported formats.
[18844:17704:0816/113648.346:WARNING:codec.cc(525)] Explicitly added H264 constrained baseline to list of supported formats.
[18844:17704:0816/113648.346:WARNING:codec.cc(525)] Explicitly added H264 constrained baseline to list of supported formats.
[18844:17704:0816/113648.347:WARNING:codec.cc(525)] Explicitly added H264 constrained baseline to list of supported formats.
[11180:23832:0816/113648.388:WARNING:host_resolver_dns_task.cc(863)] Address list empty after RFC3484 sort
[11180:23832:0816/113648.389:WARNING:host_resolver_dns_task.cc(863)] Address list empty after RFC3484 sort
[11180:23832:0816/113648.390:WARNING:host_resolver_dns_task.cc(863)] Address list empty after RFC3484 sort
[11180:23832:0816/113648.394:ERROR:socket_manager.cc(147)] Failed to resolve address for stun.cloudflare.com., errorcode: -105
[11180:23832:0816/113648.395:ERROR:socket_manager.cc(147)] Failed to resolve address for stun.cloudflare.com., errorcode: -105
[11180:23832:0816/113648.395:ERROR:socket_manager.cc(147)] Failed to resolve address for stun.cloudflare.com., errorcode: -105
[11180:23832:0816/113648.395:ERROR:socket_manager.cc(147)] Failed to resolve address for stun1.l.google.com., errorcode: -105
[11180:23832:0816/113648.395:ERROR:socket_manager.cc(147)] Failed to resolve address for stun1.l.google.com., errorcode: -105
[11180:23832:0816/113648.395:ERROR:socket_manager.cc(147)] Failed to resolve address for stun1.l.google.com., errorcode: -105
[11180:23832:0816/113648.395:ERROR:socket_manager.cc(147)] Failed to resolve address for stun.l.google.com., errorcode: -105
[11180:23832:0816/113648.395:ERROR:socket_manager.cc(147)] Failed to resolve address for stun.l.google.com., errorcode: -105
[11180:23832:0816/113648.395:ERROR:socket_manager.cc(147)] Failed to resolve address for stun.l.google.com., errorcode: -105
[18844:17704:0816/113648.395:WARNING:stun_port.cc(442)] Port[f87800:0:1:0:host:Net[any:0:0:0:x:x:x:x:x/0:Wildcard:id=0]]: StunPort: stun host lookup received error -1
[18844:17704:0816/113648.395:WARNING:stun_port.cc(442)] Port[f87c00:1:1:0:host:Net[any:0:0:0:x:x:x:x:x/0:Wildcard:id=0]]: StunPort: stun host lookup received error -1
[18844:17704:0816/113648.395:WARNING:stun_port.cc(442)] Port[111c800:2:1:0:host:Net[any:0:0:0:x:x:x:x:x/0:Wildcard:id=0]]: StunPort: stun host lookup received error -1
[18844:17704:0816/113648.395:WARNING:stun_port.cc(442)] Port[f87800:0:1:0:host:Net[any:0:0:0:x:x:x:x:x/0:Wildcard:id=0]]: StunPort: stun host lookup received error -1
[18844:17704:0816/113648.395:WARNING:stun_port.cc(442)] Port[f87c00:1:1:0:host:Net[any:0:0:0:x:x:x:x:x/0:Wildcard:id=0]]: StunPort: stun host lookup received error -1
[18844:17704:0816/113648.396:WARNING:stun_port.cc(442)] Port[111c800:2:1:0:host:Net[any:0:0:0:x:x:x:x:x/0:Wildcard:id=0]]: StunPort: stun host lookup received error -1
[18844:17704:0816/113648.396:WARNING:stun_port.cc(442)] Port[f87800:0:1:0:host:Net[any:0:0:0:x:x:x:x:x/0:Wildcard:id=0]]: StunPort: stun host lookup received error -1
[18844:17704:0816/113648.396:WARNING:stun_port.cc(442)] Port[f87c00:1:1:0:host:Net[any:0:0:0:x:x:x:x:x/0:Wildcard:id=0]]: StunPort: stun host lookup received error -1
[18844:17704:0816/113648.396:WARNING:stun_port.cc(442)] Port[111c800:2:1:0:host:Net[any:0:0:0:x:x:x:x:x/0:Wildcard:id=0]]: StunPort: stun host lookup received error -1
[18844:23300:0816/113651.018:WARNING:codec.cc(525)] Explicitly added H264 constrained baseline to list of supported formats.
[11180:23832:0816/113659.257:ERROR:ssl_client_socket_impl.cc(882)] handshake failed; returned -1, SSL error code 1, net_error -107
[11180:23832:0816/113712.577:ERROR:ssl_client_socket_impl.cc(882)] handshake failed; returned -1, SSL error code 1, net_error -107
[10348:5200:0816/113855.672:WARNING:frame_impl.cc(430)] virtual CefFrameImpl::SendProcessMessage sent to detached frame 6-0B7746206360C3919134B9E430ABCEED will be ignored
[21276:22156:0816/113855.738:ERROR:shared_image_manager.cc(224)] SharedImageManager::ProduceSkia: Trying to Produce a Skia representation from a non-existent mailbox.
[21276:22156:0816/113855.738:ERROR:shared_image_manager.cc(224)] SharedImageManager::ProduceSkia: Trying to Produce a Skia representation from a non-existent mailbox.
